# v-annotate.pl :: classify and annotate sequences using a model library
# VADR 1.6.4 (Jun 2024)
# - - - - - - - - - - - - - - - - - - - - - - - - - - - - - - - - - - - -
# date:              Tue Mar 18 12:01:23 2025
# $VADRBIOEASELDIR:  /home/dickinsoneb/vadr_files/Bio-Easel
# $VADRBLASTDIR:     /home/dickinsoneb/vadr_files/ncbi-blast/bin
# $VADREASELDIR:     /home/dickinsoneb/vadr_files/infernal/binaries
# $VADRINFERNALDIR:  /home/dickinsoneb/vadr_files/infernal/binaries
# $VADRMODELDIR:     /home/dickinsoneb/vadr_files/vadr-models-calici
# $VADRSCRIPTSDIR:   /home/dickinsoneb/vadr_files/vadr
#
# sequence file:                                                                  va-zikv-s-genotype/va-zikv-s-genotype.vadr.in.fa.23
# output directory:                                                               va-zikv-s-genotype/va-zikv-s-genotype.23
# force directory overwrite:                                                      yes [-f]
# leaving intermediate files on disk:                                             yes [--keep]
# .cm, .minfo, blastn .fa files in $VADRMODELDIR start with key <s>, not 'vadr':  zikv [--mkey]
# model files are in directory <s>, not in $VADRMODELDIR:                         zikv-genotype-models2 [--mdir]
# use top-scoring HSP from blastn to seed the alignment:                          yes [-s]
# replace stretches of Ns with expected nts, where possible:                      yes [-r]
# start sequence indexing at <n> in tabular output files:                         609 [--sidx]
# - - - - - - - - - - - - - - - - - - - - - - - - - - - - - - - - - - - -
# Validating input                                                                        ... done. [    0.0 seconds]
# Preprocessing for N replacement: blastn classification (27 seqs)                        ... done. [    1.5 seconds]
# Preprocessing for N replacement: coverage determination from blastn results (27 seqs)   ... done. [    0.0 seconds]
# Replacing Ns based on results of blastn-based pre-processing                            ... done. [    0.0 seconds]
# Classifying sequences with blastn (27 seqs)                                             ... done. [    1.5 seconds]
# Determining sequence coverage from blastn results (27 seqs)                             ... done. [    0.0 seconds]
# Aligning sequences (MG807646: 1 seq)                                                    ... done. [    0.2 seconds]
# Joining alignments from cmalign and blastn for model MG807646 (27 seqs)                 ... done. [    0.2 seconds]
# Determining annotation                                                                  ... done. [    0.9 seconds]
# Validating proteins with blastx (MG807646: 27 seqs)                                     ... done. [    1.9 seconds]
# Generating feature table output                                                         ... done. [    0.0 seconds]
# Generating tabular output                                                               ... done. [    0.0 seconds]
#
# Summary of classified sequences:
#
1  MG807646  ZIKV  singapore-ZB.1.2  27  27  0
#  --------  ----  ----------------  --  --
-  *all*     -     -                 27  27  0
-  *none*    -     -                  0   0  0
#  --------  ----  ----------------  --  --
#
# Summary of reported alerts:
#
1  indfclas  no  INDEFINITE_CLASSIFICATION  sequence  1  1  low score difference between best overall model and second best model (not in best model's subgroup)
#  --------  --  -------------------------  --------  -  -
#
# Output printed to screen saved in:                                        va-zikv-s-genotype.23.vadr.log
# List of executed commands saved in:                                       va-zikv-s-genotype.23.vadr.cmd
# List and description of all output files saved in:                        va-zikv-s-genotype.23.vadr.filelist
# copy of input fasta file saved in:                                        va-zikv-s-genotype.23.vadr.in.fa
# copy of input fasta file with descriptions removed for blastn saved in:   va-zikv-s-genotype.23.vadr.blastn.fa
# esl-seqstat -a output for input fasta file saved in:                      va-zikv-s-genotype.23.vadr.seqstat
# model MG807646 feature CDS#1 predicted seqs saved in:                     va-zikv-s-genotype.23.vadr.MG807646.CDS.1.fa
# model MG807646 replaced sequence alignment (stockholm) saved in:          va-zikv-s-genotype.23.vadr.MG807646.align.rpstk
# model MG807646 full original sequence alignment (stockholm) saved in:     va-zikv-s-genotype.23.vadr.MG807646.align.stk
# model MG807646 full replaced sequence alignment (afa) saved in:           va-zikv-s-genotype.23.vadr.MG807646.align.rpafa
# model MG807646 full original sequence alignment (afa) saved in:           va-zikv-s-genotype.23.vadr.MG807646.align.afa
# 5 column feature table output for passing sequences saved in:             va-zikv-s-genotype.23.vadr.pass.tbl
# 5 column feature table output for failing sequences saved in:             va-zikv-s-genotype.23.vadr.fail.tbl
# list of passing sequences saved in:                                       va-zikv-s-genotype.23.vadr.pass.list
# list of failing sequences saved in:                                       va-zikv-s-genotype.23.vadr.fail.list
# list of alerts in the feature tables saved in:                            va-zikv-s-genotype.23.vadr.alt.list
# fasta file with passing sequences saved in:                               va-zikv-s-genotype.23.vadr.pass.fa
# fasta file with failing sequences saved in:                               va-zikv-s-genotype.23.vadr.fail.fa
# per-sequence tabular annotation summary file saved in:                    va-zikv-s-genotype.23.vadr.sqa
# per-sequence tabular classification summary file saved in:                va-zikv-s-genotype.23.vadr.sqc
# per-feature tabular summary file saved in:                                va-zikv-s-genotype.23.vadr.ftr
# per-model-segment tabular summary file saved in:                          va-zikv-s-genotype.23.vadr.sgm
# per-model tabular summary file saved in:                                  va-zikv-s-genotype.23.vadr.mdl
# per-alert tabular summary file saved in:                                  va-zikv-s-genotype.23.vadr.alt
# alert count tabular summary file saved in:                                va-zikv-s-genotype.23.vadr.alc
# alignment doctoring tabular summary file saved in:                        va-zikv-s-genotype.23.vadr.dcr
# seed alignment summary file (-s) saved in:                                va-zikv-s-genotype.23.vadr.sda
# replaced stretches of Ns summary file (-r) saved in:                      va-zikv-s-genotype.23.vadr.rpn
#
# All output files created in directory ./va-zikv-s-genotype/va-zikv-s-genotype.23/
#
# Elapsed time:  00:00:06.44
#                hh:mm:ss
# 
[ok]
