# cmalign :: align sequences to a CM
# INFERNAL 1.1.5 (Sep 2023)
# Copyright (C) 2023 Howard Hughes Medical Institute.
# Freely distributed under the BSD open source license.
# - - - - - - - - - - - - - - - - - - - - - - - - - - - - - - - - - - - -
# CM file:                                     -
# sequence file:                               va-zikv-s-genotype/va-zikv-s-genotype.23/va-zikv-s-genotype.23.vadr.MG807646.a.subseq.fa
# CM name:                                     MG807646
# saving alignment to file:                    va-zikv-s-genotype/va-zikv-s-genotype.23/va-zikv-s-genotype.23.vadr.MG807646.align.r1.s0.stk
# model configuration:                         global
# truncated sequence alignment mode:           off
# alternative truncated seq alignment mode:    on
# maximum total DP matrix size set to:         4000.00 Mb
# tail loss probability for HMM bands set to:  0.001
# tighten HMM bands when necessary:            no
# saving insert information to file:           va-zikv-s-genotype/va-zikv-s-genotype.23/va-zikv-s-genotype.23.vadr.MG807646.align.r1.s0.ifile
# output alignment alphabet:                   DNA
# number of worker threads:                    1 [--cpu]
# - - - - - - - - - - - - - - - - - - - - - - - - - - - - - - - - - - - -
#                                                                                                          running time (s)                                                      
#                                                                                                   -------------------------------                                               
# idx  seq name                                  length  cm from    cm to  trunc    bit sc  avg pp  band calc  alignment      total  mem (Mb)      tau  thresh1  thresh2  failover
# ---  ----------------------------------------  ------  -------  -------  -----  --------  ------  ---------  ---------  ---------  --------  -------  -------  -------  --------
    1  gi|1111251331|gb|KY241766.1|/10448-10550     103    10532    10634  5'&3'    119.39   1.000       0.00       0.00       0.05     36.00    0.001        -        -         -
#
# CPU time: 0.12u 0.04s 00:00:00.16 Elapsed: 00:00:00.20
