# v-annotate.pl :: classify and annotate sequences using a model library
# VADR 1.6.4 (Jun 2024)
# - - - - - - - - - - - - - - - - - - - - - - - - - - - - - - - - - - - -
# date:              Tue Mar 18 12:00:48 2025
# $VADRBIOEASELDIR:  /home/dickinsoneb/vadr_files/Bio-Easel
# $VADRBLASTDIR:     /home/dickinsoneb/vadr_files/ncbi-blast/bin
# $VADREASELDIR:     /home/dickinsoneb/vadr_files/infernal/binaries
# $VADRINFERNALDIR:  /home/dickinsoneb/vadr_files/infernal/binaries
# $VADRMODELDIR:     /home/dickinsoneb/vadr_files/vadr-models-calici
# $VADRSCRIPTSDIR:   /home/dickinsoneb/vadr_files/vadr
#
# sequence file:                                                                  va-zikv-s-genotype/va-zikv-s-genotype.vadr.in.fa.12
# output directory:                                                               va-zikv-s-genotype/va-zikv-s-genotype.12
# force directory overwrite:                                                      yes [-f]
# leaving intermediate files on disk:                                             yes [--keep]
# .cm, .minfo, blastn .fa files in $VADRMODELDIR start with key <s>, not 'vadr':  zikv [--mkey]
# model files are in directory <s>, not in $VADRMODELDIR:                         zikv-genotype-models2 [--mdir]
# use top-scoring HSP from blastn to seed the alignment:                          yes [-s]
# replace stretches of Ns with expected nts, where possible:                      yes [-r]
# start sequence indexing at <n> in tabular output files:                         306 [--sidx]
# - - - - - - - - - - - - - - - - - - - - - - - - - - - - - - - - - - - -
# Validating input                                                                        ... done. [    0.0 seconds]
# Preprocessing for N replacement: blastn classification (27 seqs)                        ... done. [    1.5 seconds]
# Preprocessing for N replacement: coverage determination from blastn results (27 seqs)   ... done. [    0.0 seconds]
# Replacing Ns based on results of blastn-based pre-processing                            ... done. [    0.0 seconds]
# Classifying sequences with blastn (27 seqs)                                             ... done. [    1.9 seconds]
# Determining sequence coverage from blastn results (27 seqs)                             ... done. [    0.0 seconds]
# Aligning sequences (KU509998: 23 seqs)                                                  ... done. [    3.9 seconds]
# Joining alignments from cmalign and blastn for model KU509998 (27 seqs)                 ... done. [    0.2 seconds]
# Aligning unjoinbl sequences (KU509998: 1 seq)                                           ... done. [    9.1 seconds]
# Determining annotation                                                                  ... done. [    0.9 seconds]
# Validating proteins with blastx (KU509998: 27 seqs)                                     ... done. [    1.6 seconds]
# Generating feature table output                                                         ... done. [    0.0 seconds]
# Generating tabular output                                                               ... done. [    0.0 seconds]
#
# Summary of classified sequences:
#
1  KU509998  ZIKV  ZB.2-american  27  25  2
#  --------  ----  -------------  --  --
-  *all*     -     -              27  25  2
-  *none*    -     -               0   0  0
#  --------  ----  -------------  --  --
#
# Summary of reported alerts:
#
1   indfclas  no   INDEFINITE_CLASSIFICATION     sequence   6  6  low score difference between best overall model and second best model (not in best model's subgroup)
2   unjoinbl  no   UNJOINABLE_SUBSEQ_ALIGNMENTS  sequence   1  1  inconsistent alignment of overlapping region between seed and flanking region
3   deletinn  no   DELETION_OF_NT                 feature   4  2  too large of a deletion in nucleotide-based alignment of CDS feature
4   lowsimic  no   LOW_FEATURE_SIMILARITY         feature   6  2  region overlapping annotated feature that is or matches a CDS lacks significant similarity
5   ambgnt5f  no   AMBIGUITY_AT_FEATURE_START     feature   6  3  first nucleotide of non-CDS feature is an ambiguous nucleotide
6   ambgnt3f  no   AMBIGUITY_AT_FEATURE_END       feature   6  3  final nucleotide of non-CDS feature is an ambiguous nucleotide
#-  --------  ---  ----------------------------  --------  --  -
7   dupregin  yes  DUPLICATE_REGIONS             sequence   1  1  similarity to a model region occurs more than once
8   discontn  yes  DISCONTINUOUS_SIMILARITY      sequence   1  1  not all hits are in the same order in the sequence and the homology model
9   lowsim3s  yes  LOW_SIMILARITY_END            sequence   1  1  significant similarity not detected at 3' end of the sequence
10  peptrans  yes  PEPTIDE_TRANSLATION_PROBLEM    feature  22  2  mat_peptide may not be translated because its parent CDS has a problem
11  indf3pst  yes  INDEFINITE_ANNOTATION_END      feature   1  1  protein-based alignment does not extend close enough to nucleotide-based alignment 3' endpoint
12  deletinp  yes  DELETION_OF_NT                 feature   3  2  too large of a deletion in protein-based alignment
#-  --------  ---  ----------------------------  --------  --  -
#
# Output printed to screen saved in:                                        va-zikv-s-genotype.12.vadr.log
# List of executed commands saved in:                                       va-zikv-s-genotype.12.vadr.cmd
# List and description of all output files saved in:                        va-zikv-s-genotype.12.vadr.filelist
# copy of input fasta file saved in:                                        va-zikv-s-genotype.12.vadr.in.fa
# copy of input fasta file with descriptions removed for blastn saved in:   va-zikv-s-genotype.12.vadr.blastn.fa
# esl-seqstat -a output for input fasta file saved in:                      va-zikv-s-genotype.12.vadr.seqstat
# model KU509998 feature CDS#1 predicted seqs saved in:                     va-zikv-s-genotype.12.vadr.KU509998.CDS.1.fa
# model KU509998 feature mat_peptide#1 predicted seqs saved in:             va-zikv-s-genotype.12.vadr.KU509998.mat_peptide.1.fa
# model KU509998 feature mat_peptide#2 predicted seqs saved in:             va-zikv-s-genotype.12.vadr.KU509998.mat_peptide.2.fa
# model KU509998 feature mat_peptide#3 predicted seqs saved in:             va-zikv-s-genotype.12.vadr.KU509998.mat_peptide.3.fa
# model KU509998 feature mat_peptide#4 predicted seqs saved in:             va-zikv-s-genotype.12.vadr.KU509998.mat_peptide.4.fa
# model KU509998 feature mat_peptide#5 predicted seqs saved in:             va-zikv-s-genotype.12.vadr.KU509998.mat_peptide.5.fa
# model KU509998 feature mat_peptide#6 predicted seqs saved in:             va-zikv-s-genotype.12.vadr.KU509998.mat_peptide.6.fa
# model KU509998 feature mat_peptide#7 predicted seqs saved in:             va-zikv-s-genotype.12.vadr.KU509998.mat_peptide.7.fa
# model KU509998 feature mat_peptide#8 predicted seqs saved in:             va-zikv-s-genotype.12.vadr.KU509998.mat_peptide.8.fa
# model KU509998 feature mat_peptide#9 predicted seqs saved in:             va-zikv-s-genotype.12.vadr.KU509998.mat_peptide.9.fa
# model KU509998 feature mat_peptide#10 predicted seqs saved in:            va-zikv-s-genotype.12.vadr.KU509998.mat_peptide.10.fa
# model KU509998 feature mat_peptide#11 predicted seqs saved in:            va-zikv-s-genotype.12.vadr.KU509998.mat_peptide.11.fa
# model KU509998 replaced sequence alignment (stockholm) saved in:          va-zikv-s-genotype.12.vadr.KU509998.align.rpstk
# model KU509998 full original sequence alignment (stockholm) saved in:     va-zikv-s-genotype.12.vadr.KU509998.align.stk
# model KU509998 full replaced sequence alignment (afa) saved in:           va-zikv-s-genotype.12.vadr.KU509998.align.rpafa
# model KU509998 full original sequence alignment (afa) saved in:           va-zikv-s-genotype.12.vadr.KU509998.align.afa
# 5 column feature table output for passing sequences saved in:             va-zikv-s-genotype.12.vadr.pass.tbl
# 5 column feature table output for failing sequences saved in:             va-zikv-s-genotype.12.vadr.fail.tbl
# list of passing sequences saved in:                                       va-zikv-s-genotype.12.vadr.pass.list
# list of failing sequences saved in:                                       va-zikv-s-genotype.12.vadr.fail.list
# list of alerts in the feature tables saved in:                            va-zikv-s-genotype.12.vadr.alt.list
# fasta file with passing sequences saved in:                               va-zikv-s-genotype.12.vadr.pass.fa
# fasta file with failing sequences saved in:                               va-zikv-s-genotype.12.vadr.fail.fa
# per-sequence tabular annotation summary file saved in:                    va-zikv-s-genotype.12.vadr.sqa
# per-sequence tabular classification summary file saved in:                va-zikv-s-genotype.12.vadr.sqc
# per-feature tabular summary file saved in:                                va-zikv-s-genotype.12.vadr.ftr
# per-model-segment tabular summary file saved in:                          va-zikv-s-genotype.12.vadr.sgm
# per-model tabular summary file saved in:                                  va-zikv-s-genotype.12.vadr.mdl
# per-alert tabular summary file saved in:                                  va-zikv-s-genotype.12.vadr.alt
# alert count tabular summary file saved in:                                va-zikv-s-genotype.12.vadr.alc
# alignment doctoring tabular summary file saved in:                        va-zikv-s-genotype.12.vadr.dcr
# seed alignment summary file (-s) saved in:                                va-zikv-s-genotype.12.vadr.sda
# replaced stretches of Ns summary file (-r) saved in:                      va-zikv-s-genotype.12.vadr.rpn
#
# All output files created in directory ./va-zikv-s-genotype/va-zikv-s-genotype.12/
#
# Elapsed time:  00:00:19.33
#                hh:mm:ss
# 
[ok]
