# cmalign :: align sequences to a CM
# INFERNAL 1.1.5 (Sep 2023)
# Copyright (C) 2023 Howard Hughes Medical Institute.
# Freely distributed under the BSD open source license.
# - - - - - - - - - - - - - - - - - - - - - - - - - - - - - - - - - - - -
# CM file:                                     -
# sequence file:                               va-zikv-s-genotype/va-zikv-s-genotype.24/va-zikv-s-genotype.24.vadr.AY632535.a.subseq.fa
# CM name:                                     AY632535
# saving alignment to file:                    va-zikv-s-genotype/va-zikv-s-genotype.24/va-zikv-s-genotype.24.vadr.AY632535.align.r1.s0.stk
# model configuration:                         global
# truncated sequence alignment mode:           off
# alternative truncated seq alignment mode:    on
# maximum total DP matrix size set to:         4000.00 Mb
# tail loss probability for HMM bands set to:  0.001
# tighten HMM bands when necessary:            no
# saving insert information to file:           va-zikv-s-genotype/va-zikv-s-genotype.24/va-zikv-s-genotype.24.vadr.AY632535.align.r1.s0.ifile
# output alignment alphabet:                   DNA
# number of worker threads:                    1 [--cpu]
# - - - - - - - - - - - - - - - - - - - - - - - - - - - - - - - - - - - -
#                                                                                                          running time (s)                                                      
#                                                                                                   -------------------------------                                               
# idx  seq name                                  length  cm from    cm to  trunc    bit sc  avg pp  band calc  alignment      total  mem (Mb)      tau  thresh1  thresh2  failover
# ---  ----------------------------------------  ------  -------  -------  -----  --------  ------  ---------  ---------  ---------  --------  -------  -------  -------  --------
    1  gi|1148885035|gb|KY559012.1|/1-7197         7197       82     7266  5'&3'   6908.82   0.998       2.67       0.00       5.59   4142.61    0.001        -        -         -
    2  gi|1148885035|gb|KY559012.1|/10463-10565     103    10532    10634  5'&3'    113.49   1.000       0.00       0.00       0.05   2487.02    0.001        -        -         -
#
# CPU time: 4.63u 1.13s 00:00:05.76 Elapsed: 00:00:05.83
