# cmalign :: align sequences to a CM
# INFERNAL 1.1.5 (Sep 2023)
# Copyright (C) 2023 Howard Hughes Medical Institute.
# Freely distributed under the BSD open source license.
# - - - - - - - - - - - - - - - - - - - - - - - - - - - - - - - - - - - -
# CM file:                                     -
# sequence file:                               va-zikv-s-genotype/va-zikv-s-genotype.24/va-zikv-s-genotype.24.vadr.KU509998.a.subseq.fa
# CM name:                                     KU509998
# saving alignment to file:                    va-zikv-s-genotype/va-zikv-s-genotype.24/va-zikv-s-genotype.24.vadr.KU509998.align.r1.s0.stk
# model configuration:                         global
# truncated sequence alignment mode:           off
# alternative truncated seq alignment mode:    on
# maximum total DP matrix size set to:         4000.00 Mb
# tail loss probability for HMM bands set to:  0.001
# tighten HMM bands when necessary:            no
# saving insert information to file:           va-zikv-s-genotype/va-zikv-s-genotype.24/va-zikv-s-genotype.24.vadr.KU509998.align.r1.s0.ifile
# output alignment alphabet:                   DNA
# number of worker threads:                    1 [--cpu]
# - - - - - - - - - - - - - - - - - - - - - - - - - - - - - - - - - - - -
#                                                                                                          running time (s)                                                      
#                                                                                                   -------------------------------                                               
# idx  seq name                                  length  cm from    cm to  trunc    bit sc  avg pp  band calc  alignment      total  mem (Mb)      tau  thresh1  thresh2  failover
# ---  ----------------------------------------  ------  -------  -------  -----  --------  ------  ---------  ---------  ---------  --------  -------  -------  -------  --------
    1  gi|1111251375|gb|KY241788.1|/1-162           162       17      177  5'&3'    185.45   0.985       0.00       0.00       0.09     56.42    0.001        -        -         -
    2  gi|1148885013|gb|KY559001.1|/10210-10310     101    10291    10391  5'&3'    117.74   1.000       0.00       0.00       0.05     56.41    0.001        -        -         -
    3  gi|1148885017|gb|KY559003.1|/10210-10310     101    10291    10391  5'&3'    117.74   1.000       0.00       0.00       0.05     56.41    0.001        -        -         -
    4  gi|1148885031|gb|KY559010.1|/10210-10310     101    10291    10391  5'&3'    115.80   1.000       0.00       0.00       0.05     56.41    0.001        -        -         -
    5  gi|1148885033|gb|KY559011.1|/10210-10310     101    10291    10391  5'&3'    115.80   1.000       0.00       0.00       0.05     56.41    0.001        -        -         -
    6  gi|1148885039|gb|KY559014.1|/10210-10310     101    10291    10391  5'&3'    115.80   1.000       0.00       0.00       0.05     56.41    0.001        -        -         -
#
# CPU time: 0.40u 0.04s 00:00:00.44 Elapsed: 00:00:00.48
