# cmalign :: align sequences to a CM
# INFERNAL 1.1.5 (Sep 2023)
# Copyright (C) 2023 Howard Hughes Medical Institute.
# Freely distributed under the BSD open source license.
# - - - - - - - - - - - - - - - - - - - - - - - - - - - - - - - - - - - -
# CM file:                                     -
# sequence file:                               va-zikv-s-genotype/va-zikv-s-genotype.3/va-zikv-s-genotype.3.vadr.KU509998.a.subseq.fa
# CM name:                                     KU509998
# saving alignment to file:                    va-zikv-s-genotype/va-zikv-s-genotype.3/va-zikv-s-genotype.3.vadr.KU509998.align.r1.s0.stk
# model configuration:                         global
# truncated sequence alignment mode:           off
# alternative truncated seq alignment mode:    on
# maximum total DP matrix size set to:         4000.00 Mb
# tail loss probability for HMM bands set to:  0.001
# tighten HMM bands when necessary:            no
# saving insert information to file:           va-zikv-s-genotype/va-zikv-s-genotype.3/va-zikv-s-genotype.3.vadr.KU509998.align.r1.s0.ifile
# output alignment alphabet:                   DNA
# number of worker threads:                    1 [--cpu]
# - - - - - - - - - - - - - - - - - - - - - - - - - - - - - - - - - - - -
#                                                                                                    running time (s)                                                      
#                                                                                             -------------------------------                                               
# idx  seq name                            length  cm from    cm to  trunc    bit sc  avg pp  band calc  alignment      total  mem (Mb)      tau  thresh1  thresh2  failover
# ---  ----------------------------------  ------  -------  -------  -----  --------  ------  ---------  ---------  ---------  --------  -------  -------  -------  --------
    1  gi|2104438148|gb|OK054421.1|/1-161     161       18      177  5'&3'    184.24   0.985       0.00       0.00       0.10     56.08    0.001        -        -         -
    2  gi|2104438150|gb|OK054422.1|/1-161     161       18      177  5'&3'    184.24   0.985       0.00       0.00       0.08     56.08    0.001        -        -         -
    3  gi|2104438152|gb|OK054423.1|/1-160     160       19      177  5'&3'    182.93   0.985       0.00       0.00       0.08     56.08    0.001        -        -         -
    4  gi|2104438156|gb|OK054425.1|/1-165     165       14      177  5'&3'    184.39   0.986       0.00       0.00       0.08     57.46    0.001        -        -         -
    5  gi|2104438158|gb|OK054426.1|/1-165     165       14      177  5'&3'    182.69   0.986       0.00       0.00       0.07     57.46    0.001        -        -         -
    6  gi|2104438160|gb|OK054427.1|/1-165     165       14      177  5'&3'    184.39   0.986       0.00       0.00       0.08     57.46    0.001        -        -         -
    7  gi|2104438162|gb|OK054428.1|/1-165     165       14      177  5'&3'    184.39   0.986       0.00       0.00       0.08     57.46    0.001        -        -         -
    8  gi|2104438164|gb|OK054429.1|/1-165     165       14      177  5'&3'    184.39   0.986       0.00       0.00       0.08     57.46    0.001        -        -         -
    9  gi|2104438166|gb|OK054430.1|/1-165     165       14      177  5'&3'    184.39   0.986       0.00       0.00       0.07     57.46    0.001        -        -         -
   10  gi|2104438168|gb|OK054431.1|/1-165     165       14      177  5'&3'    184.39   0.986       0.00       0.00       0.08     57.46    0.001        -        -         -
   11  gi|2104438170|gb|OK054432.1|/1-165     165       14      177  5'&3'    184.39   0.986       0.00       0.00       0.08     57.46    0.001        -        -         -
   12  gi|2104438172|gb|OK054433.1|/1-165     165       14      177  5'&3'    184.39   0.986       0.00       0.00       0.08     57.46    0.001        -        -         -
   13  gi|2104438174|gb|OK054434.1|/1-165     165       14      177  5'&3'    184.39   0.986       0.00       0.00       0.09     57.46    0.001        -        -         -
   14  gi|2104438176|gb|OK054435.1|/1-165     165       14      177  5'&3'    184.39   0.986       0.00       0.00       0.08     57.46    0.001        -        -         -
   15  gi|2104438178|gb|OK054436.1|/1-165     165       14      177  5'&3'    184.39   0.986       0.00       0.00       0.09     57.46    0.001        -        -         -
   16  gi|2104438180|gb|OK054437.1|/1-165     165       14      177  5'&3'    184.39   0.986       0.00       0.00       0.08     57.46    0.001        -        -         -
   17  gi|2104438182|gb|OK054438.1|/1-165     165       14      177  5'&3'    184.39   0.986       0.00       0.00       0.09     57.46    0.001        -        -         -
   18  gi|2104438184|gb|OK054439.1|/1-165     165       14      177  5'&3'    184.39   0.986       0.00       0.00       0.09     57.46    0.001        -        -         -
   19  gi|2104438186|gb|OK054440.1|/1-165     165       14      177  5'&3'    184.39   0.986       0.00       0.00       0.09     57.46    0.001        -        -         -
   20  gi|2104438188|gb|OK054441.1|/1-165     165       14      177  5'&3'    182.69   0.986       0.00       0.00       0.08     57.46    0.001        -        -         -
   21  gi|2104438190|gb|OK054442.1|/1-165     165       14      177  5'&3'    184.39   0.986       0.00       0.00       0.08     57.46    0.001        -        -         -
   22  gi|2104438192|gb|OK054443.1|/1-165     165       14      177  5'&3'    184.39   0.986       0.00       0.00       0.07     57.46    0.001        -        -         -
   23  gi|2104438194|gb|OK054444.1|/1-165     165       14      177  5'&3'    184.39   0.986       0.00       0.00       0.08     57.46    0.001        -        -         -
   24  gi|2104438196|gb|OK054445.1|/1-165     165       14      177  5'&3'    184.39   0.986       0.00       0.00       0.07     57.46    0.001        -        -         -
   25  gi|2104438198|gb|OK054446.1|/1-165     165       14      177  5'&3'    184.39   0.986       0.00       0.00       0.07     57.46    0.001        -        -         -
#
# CPU time: 2.09u 0.06s 00:00:02.15 Elapsed: 00:00:02.20
