# cmalign :: align sequences to a CM
# INFERNAL 1.1.5 (Sep 2023)
# Copyright (C) 2023 Howard Hughes Medical Institute.
# Freely distributed under the BSD open source license.
# - - - - - - - - - - - - - - - - - - - - - - - - - - - - - - - - - - - -
# CM file:                                     -
# sequence file:                               va-zikv-s-genotype/va-zikv-s-genotype.6/va-zikv-s-genotype.6.vadr.KU509998.a.subseq.fa
# CM name:                                     KU509998
# saving alignment to file:                    va-zikv-s-genotype/va-zikv-s-genotype.6/va-zikv-s-genotype.6.vadr.KU509998.align.r1.s0.stk
# model configuration:                         global
# truncated sequence alignment mode:           off
# alternative truncated seq alignment mode:    on
# maximum total DP matrix size set to:         4000.00 Mb
# tail loss probability for HMM bands set to:  0.001
# tighten HMM bands when necessary:            no
# saving insert information to file:           va-zikv-s-genotype/va-zikv-s-genotype.6/va-zikv-s-genotype.6.vadr.KU509998.align.r1.s0.ifile
# output alignment alphabet:                   DNA
# number of worker threads:                    1 [--cpu]
# - - - - - - - - - - - - - - - - - - - - - - - - - - - - - - - - - - - -
#                                                                                                          running time (s)                                                      
#                                                                                                   -------------------------------                                               
# idx  seq name                                  length  cm from    cm to  trunc    bit sc  avg pp  band calc  alignment      total  mem (Mb)      tau  thresh1  thresh2  failover
# ---  ----------------------------------------  ------  -------  -------  -----  --------  ------  ---------  ---------  ---------  --------  -------  -------  -------  --------
    1  gi|2030207738|gb|MW915412.1|/1-178           178        1      177     3'    189.49   0.987       0.00       0.00       0.08     61.96    0.001        -        -         -
    2  gi|2030207740|gb|MW915413.1|/1-178           178        1      177     3'    189.49   0.987       0.00       0.00       0.07     61.96    0.001        -        -         -
    3  gi|2030207742|gb|MW915414.1|/1-178           178        1      177     3'    189.49   0.987       0.00       0.00       0.07     61.96    0.001        -        -         -
    4  gi|1932127304|gb|MW165882.1|/10258-10370     113    10285    10412  5'&3'    120.28   0.991       0.00       0.00       0.06     61.96    0.001        -        -         -
#
# CPU time: 0.36u 0.04s 00:00:00.40 Elapsed: 00:00:00.43
