# cmalign :: align sequences to a CM
# INFERNAL 1.1.5 (Sep 2023)
# Copyright (C) 2023 Howard Hughes Medical Institute.
# Freely distributed under the BSD open source license.
# - - - - - - - - - - - - - - - - - - - - - - - - - - - - - - - - - - - -
# CM file:                                     -
# sequence file:                               va-zikv-s-genotype/va-zikv-s-genotype.2/va-zikv-s-genotype.2.vadr.KU509998.a.subseq.fa
# CM name:                                     KU509998
# saving alignment to file:                    va-zikv-s-genotype/va-zikv-s-genotype.2/va-zikv-s-genotype.2.vadr.KU509998.align.r1.s0.stk
# model configuration:                         global
# truncated sequence alignment mode:           off
# alternative truncated seq alignment mode:    on
# maximum total DP matrix size set to:         4000.00 Mb
# tail loss probability for HMM bands set to:  0.001
# tighten HMM bands when necessary:            no
# saving insert information to file:           va-zikv-s-genotype/va-zikv-s-genotype.2/va-zikv-s-genotype.2.vadr.KU509998.align.r1.s0.ifile
# output alignment alphabet:                   DNA
# number of worker threads:                    1 [--cpu]
# - - - - - - - - - - - - - - - - - - - - - - - - - - - - - - - - - - - -
#                                                                                                    running time (s)                                                      
#                                                                                             -------------------------------                                               
# idx  seq name                            length  cm from    cm to  trunc    bit sc  avg pp  band calc  alignment      total  mem (Mb)      tau  thresh1  thresh2  failover
# ---  ----------------------------------  ------  -------  -------  -----  --------  ------  ---------  ---------  ---------  --------  -------  -------  -------  --------
    1  gi|2104438092|gb|OK054393.1|/1-162     162       17      177  5'&3'    185.45   0.985       0.00       0.00       0.07     56.42    0.001        -        -         -
    2  gi|2104438096|gb|OK054395.1|/1-161     161       18      177  5'&3'    184.24   0.985       0.00       0.00       0.06     56.42    0.001        -        -         -
    3  gi|2104438102|gb|OK054398.1|/1-160     160       19      177  5'&3'    182.93   0.985       0.00       0.00       0.06     56.42    0.001        -        -         -
    4  gi|2104438104|gb|OK054399.1|/1-161     161       18      177  5'&3'    184.24   0.985       0.00       0.00       0.06     56.42    0.001        -        -         -
    5  gi|2104438108|gb|OK054401.1|/1-164     164       15      177  5'&3'    185.28   0.986       0.00       0.00       0.06     57.12    0.001        -        -         -
    6  gi|2104438112|gb|OK054403.1|/1-162     162       17      177  5'&3'    185.45   0.985       0.00       0.00       0.06     57.12    0.001        -        -         -
    7  gi|2104438118|gb|OK054406.1|/1-161     161       18      177  5'&3'    184.24   0.985       0.00       0.00       0.06     57.12    0.001        -        -         -
    8  gi|2104438120|gb|OK054407.1|/1-164     164       15      177  5'&3'    185.28   0.986       0.00       0.00       0.06     57.12    0.001        -        -         -
    9  gi|2104438122|gb|OK054408.1|/1-162     162       17      177  5'&3'    185.45   0.985       0.00       0.00       0.06     57.12    0.001        -        -         -
   10  gi|2104438124|gb|OK054409.1|/1-160     160       19      177  5'&3'    182.93   0.985       0.00       0.00       0.06     57.12    0.001        -        -         -
   11  gi|2104438130|gb|OK054412.1|/1-164     164       15      177  5'&3'    182.88   0.986       0.00       0.00       0.06     57.12    0.001        -        -         -
   12  gi|2104438132|gb|OK054413.1|/1-164     164       15      177  5'&3'    185.28   0.986       0.00       0.00       0.06     57.12    0.001        -        -         -
   13  gi|2104438134|gb|OK054414.1|/1-162     162       17      177  5'&3'    185.45   0.985       0.00       0.00       0.06     57.12    0.001        -        -         -
   14  gi|2104438136|gb|OK054415.1|/1-164     164       15      177  5'&3'    185.28   0.986       0.00       0.00       0.06     57.12    0.001        -        -         -
   15  gi|2104438138|gb|OK054416.1|/1-161     161       18      177  5'&3'    184.24   0.985       0.00       0.00       0.06     57.12    0.001        -        -         -
   16  gi|2104438142|gb|OK054418.1|/1-164     164       15      177  5'&3'    182.88   0.986       0.00       0.00       0.07     57.12    0.001        -        -         -
   17  gi|2104438144|gb|OK054419.1|/1-162     162       17      177  5'&3'    185.45   0.985       0.00       0.00       0.07     57.12    0.001        -        -         -
#
# CPU time: 1.15u 0.07s 00:00:01.22 Elapsed: 00:00:01.26
