# cmalign :: align sequences to a CM
# INFERNAL 1.1.5 (Sep 2023)
# Copyright (C) 2023 Howard Hughes Medical Institute.
# Freely distributed under the BSD open source license.
# - - - - - - - - - - - - - - - - - - - - - - - - - - - - - - - - - - - -
# CM file:                                     -
# sequence file:                               va-zikv-s-genotype/va-zikv-s-genotype.16/va-zikv-s-genotype.16.vadr.KU509998.a.subseq.fa
# CM name:                                     KU509998
# saving alignment to file:                    va-zikv-s-genotype/va-zikv-s-genotype.16/va-zikv-s-genotype.16.vadr.KU509998.align.r1.s0.stk
# model configuration:                         global
# truncated sequence alignment mode:           off
# alternative truncated seq alignment mode:    on
# maximum total DP matrix size set to:         4000.00 Mb
# tail loss probability for HMM bands set to:  0.001
# tighten HMM bands when necessary:            no
# saving insert information to file:           va-zikv-s-genotype/va-zikv-s-genotype.16/va-zikv-s-genotype.16.vadr.KU509998.align.r1.s0.ifile
# output alignment alphabet:                   DNA
# number of worker threads:                    1 [--cpu]
# - - - - - - - - - - - - - - - - - - - - - - - - - - - - - - - - - - - -
#                                                                                                    running time (s)                                                      
#                                                                                             -------------------------------                                               
# idx  seq name                            length  cm from    cm to  trunc    bit sc  avg pp  band calc  alignment      total  mem (Mb)      tau  thresh1  thresh2  failover
# ---  ----------------------------------  ------  -------  -------  -----  --------  ------  ---------  ---------  ---------  --------  -------  -------  -------  --------
    1  gi|1248249987|gb|MF801391.1|/1-162     162       17      177  5'&3'    166.09   0.978       0.00       0.00       0.09     56.43    0.001        -        -         -
    2  gi|1248249995|gb|MF801395.1|/1-162     162       17      177  5'&3'    183.05   0.985       0.00       0.00       0.06     56.42    0.001        -        -         -
    3  gi|1248250011|gb|MF801403.1|/1-162     162       17      177  5'&3'    185.45   0.985       0.00       0.00       0.06     56.42    0.001        -        -         -
    4  gi|1248250017|gb|MF801406.1|/1-162     162       17      177  5'&3'    185.45   0.985       0.00       0.00       0.06     56.42    0.001        -        -         -
    5  gi|1248250025|gb|MF801410.1|/1-162     162       17      177  5'&3'    185.45   0.985       0.00       0.00       0.06     56.42    0.001        -        -         -
    6  gi|1248250029|gb|MF801412.1|/1-162     162       17      177  5'&3'    185.45   0.985       0.00       0.00       0.07     56.42    0.001        -        -         -
    7  gi|1248250031|gb|MF801413.1|/1-162     162       17      177  5'&3'    185.45   0.985       0.00       0.00       0.07     56.42    0.001        -        -         -
    8  gi|1248250033|gb|MF801414.1|/1-162     162       17      177  5'&3'    184.18   0.985       0.00       0.00       0.07     56.42    0.001        -        -         -
    9  gi|1248250035|gb|MF801415.1|/1-101     101      163      263  5'&3'    113.32   1.000       0.00       0.00       0.05     56.41    0.001        -        -         -
   10  gi|1248250041|gb|MF801418.1|/1-162     162       17      177  5'&3'    185.45   0.985       0.00       0.00       0.07     56.42    0.001        -        -         -
   11  gi|1248250057|gb|MF801426.1|/1-162     162       17      177  5'&3'    185.45   0.985       0.00       0.00       0.06     56.42    0.001        -        -         -
   12  gi|1229082332|gb|KX906952.1|/1-179     179        1      177     3'    184.91   0.985       0.00       0.00       0.07     62.31    0.001        -        -         -
#
# CPU time: 0.85u 0.06s 00:00:00.90 Elapsed: 00:00:00.95
