# cmalign :: align sequences to a CM
# INFERNAL 1.1.5 (Sep 2023)
# Copyright (C) 2023 Howard Hughes Medical Institute.
# Freely distributed under the BSD open source license.
# - - - - - - - - - - - - - - - - - - - - - - - - - - - - - - - - - - - -
# CM file:                                     -
# sequence file:                               va-zikv-s-genotype/va-zikv-s-genotype.14/va-zikv-s-genotype.14.vadr.KU509998.a.subseq.fa
# CM name:                                     KU509998
# saving alignment to file:                    va-zikv-s-genotype/va-zikv-s-genotype.14/va-zikv-s-genotype.14.vadr.KU509998.align.r1.s0.stk
# model configuration:                         global
# truncated sequence alignment mode:           off
# alternative truncated seq alignment mode:    on
# maximum total DP matrix size set to:         4000.00 Mb
# tail loss probability for HMM bands set to:  0.001
# tighten HMM bands when necessary:            no
# saving insert information to file:           va-zikv-s-genotype/va-zikv-s-genotype.14/va-zikv-s-genotype.14.vadr.KU509998.align.r1.s0.ifile
# output alignment alphabet:                   DNA
# number of worker threads:                    1 [--cpu]
# - - - - - - - - - - - - - - - - - - - - - - - - - - - - - - - - - - - -
#                                                                                                          running time (s)                                                      
#                                                                                                   -------------------------------                                               
# idx  seq name                                  length  cm from    cm to  trunc    bit sc  avg pp  band calc  alignment      total  mem (Mb)      tau  thresh1  thresh2  failover
# ---  ----------------------------------------  ------  -------  -------  -----  --------  ------  ---------  ---------  ---------  --------  -------  -------  -------  --------
    1  gi|1127353061|gb|KY379148.1|/10591-10691     101    10610    10710  5'&3'    118.66   1.000       0.00       0.00       0.07     35.31    0.001        -        -         -
    2  gi|1198363793|gb|MF073358.1|/1-178           178        1      177     3'    190.24   0.987       0.00       0.00       0.09     61.96    0.001        -        -         -
    3  gi|1198363795|gb|MF073359.1|/1-178           178        1      177     3'    190.24   0.987       0.00       0.00       0.09     61.96    0.001        -        -         -
    4  gi|1386872119|gb|MH158236.1|/1-178           178        1      177     3'    187.84   0.987       0.00       0.00       0.09     61.96    0.001        -        -         -
    5  gi|1386872121|gb|MH158237.1|/1-178           178        1      177     3'    190.24   0.987       0.00       0.00       0.08     61.96    0.001        -        -         -
    6  gi|1384890571|gb|MH157195.1|/6304-10659     4356     6321    10677  5'&3'   4756.93   0.968       1.13       0.00       3.42   2114.30    0.001        -        -         -
    7  gi|1384890575|gb|MH157199.1|/9721-10642      922     9754    10677  5'&3'    722.26   0.854       0.05       0.00       0.42   1533.53    0.001        -        -         -
    8  gi|1384890576|gb|MH157200.1|/1-4177         4177       19     4195  5'&3'   4352.42   0.939       0.97       0.00       2.65   2066.35    0.001        -        -         -
    9  gi|1384890577|gb|MH157201.1|/8304-10662     2359     8318    10677  5'&3'   2376.91   0.932       0.37       0.00       1.34   1685.87    0.001        -        -         -
   10  gi|1384890580|gb|MH157203.1|/8111-10661     2551     8126    10677  5'&3'   1560.93   0.696       0.37       0.00       1.37   1716.60    0.001        -        -         -
   11  gi|1384890581|gb|MH157204.1|/9738-10659      922     9755    10677  5'&3'    722.09   0.858       0.05       0.00       0.44   1533.53    0.001        -        -         -
   12  gi|1384890582|gb|MH157205.1|/9745-10657      913     9764    10677  5'&3'    756.15   0.882       0.04       0.00       0.43   1533.51    0.001        -        -         -
   13  gi|1384890584|gb|MH157207.1|/1-4217         4217       21     4236  5'&3'   4272.92   0.929       1.02       0.00       2.73   2076.41    0.001        -        -         -
   14  gi|1384890587|gb|MH157209.1|/8132-10657     2526     8151    10677  5'&3'   2313.51   0.878       0.35       0.00       1.33   1712.05    0.001        -        -         -
   15  gi|1384890588|gb|MH157210.1|/1-4179         4179       17     4195  5'&3'   4603.35   0.974       1.08       0.00       2.86   2066.23    0.001        -        -         -
   16  gi|1384890590|gb|MH157212.1|/1-4662         4662       20     4681  5'&3'   4176.13   0.849       1.29       0.00       3.51   2310.82    0.001        -        -         -
   17  gi|1384890593|gb|MH157214.1|/1-4175         4175       41     4215  5'&3'   2515.14   0.672       1.00       0.01       2.66   2173.71    0.001        -        -         -
   18  gi|1377672473|gb|MH119185.1|/1-169           169       10      177  5'&3'    183.99   0.986       0.00       0.00       0.08   1613.10    0.001        -        -         -
#
# CPU time: 21.29u 2.53s 00:00:23.82 Elapsed: 00:00:23.92
