# cmalign :: align sequences to a CM
# INFERNAL 1.1.5 (Sep 2023)
# Copyright (C) 2023 Howard Hughes Medical Institute.
# Freely distributed under the BSD open source license.
# - - - - - - - - - - - - - - - - - - - - - - - - - - - - - - - - - - - -
# CM file:                                     -
# sequence file:                               va-zikv-s-genotype/va-zikv-s-genotype.15/va-zikv-s-genotype.15.vadr.KU509998.a.subseq.fa
# CM name:                                     KU509998
# saving alignment to file:                    va-zikv-s-genotype/va-zikv-s-genotype.15/va-zikv-s-genotype.15.vadr.KU509998.align.r1.s0.stk
# model configuration:                         global
# truncated sequence alignment mode:           off
# alternative truncated seq alignment mode:    on
# maximum total DP matrix size set to:         4000.00 Mb
# tail loss probability for HMM bands set to:  0.001
# tighten HMM bands when necessary:            no
# saving insert information to file:           va-zikv-s-genotype/va-zikv-s-genotype.15/va-zikv-s-genotype.15.vadr.KU509998.align.r1.s0.ifile
# output alignment alphabet:                   DNA
# number of worker threads:                    1 [--cpu]
# - - - - - - - - - - - - - - - - - - - - - - - - - - - - - - - - - - - -
#                                                                                                           running time (s)                                                      
#                                                                                                    -------------------------------                                               
# idx  seq name                                   length  cm from    cm to  trunc    bit sc  avg pp  band calc  alignment      total  mem (Mb)      tau  thresh1  thresh2  failover
# ---  -----------------------------------------  ------  -------  -------  -----  --------  ------  ---------  ---------  ---------  --------  -------  -------  -------  --------
    1  gi|1137166679|gb|KY441401.1|/1-118            118       72      189  5'&3'    130.40   0.983       0.00       0.00       0.06     41.19    0.001        -        -         -
    2  gi|1137166681|gb|KY441402.1|/1-113            113       76      189  5'&3'    125.19   0.989       0.00       0.00       0.05     41.19    0.001        -        -         -
    3  gi|1168020439|gb|KY766069.1|/1-168            168        9      177  5'&3'    168.91   0.953       0.00       0.00       0.08     58.51    0.001        -        -         -
    4  gi|1168020439|gb|KY766069.1|/10663-11155      493     3623     4181  5'&3'    -33.73   0.640       0.01       0.00       0.23    179.36    0.001        -        -         -
    5  gi|998491032|gb|KU729218.1|/1-164             164       15      177  5'&3'    185.28   0.986       0.00       0.00       0.06    170.93    0.001        -        -         -
    6  gi|1276740300|dbj|LC331561.1|/1-101           101       89      189  5'&3'    118.12   1.000       0.00       0.00       0.04    170.91    0.001        -        -         -
    7  gi|1276740300|dbj|LC331561.1|/10568-10668     101    10656    10756  5'&3'    118.03   1.000       0.00       0.00       0.04    170.91    0.001        -        -         -
    8  gi|1248249961|gb|MF801378.1|/1-162            162       17      177  5'&3'    185.45   0.985       0.00       0.00       0.06    170.93    0.001        -        -         -
    9  gi|1248249965|gb|MF801380.1|/1-103            103       17      119  5'&3'    121.82   1.000       0.00       0.00       0.04    170.91    0.001        -        -         -
   10  gi|1248249967|gb|MF801381.1|/1-146            146       17      161  5'&3'    143.15   0.960       0.00       0.00       0.06    170.93    0.001        -        -         -
   11  gi|1248249979|gb|MF801387.1|/1-162            162       17      177  5'&3'    183.65   0.985       0.00       0.00       0.06    170.93    0.001        -        -         -
   12  gi|1248249983|gb|MF801389.1|/1-162            162       17      177  5'&3'    185.45   0.985       0.00       0.00       0.06    170.93    0.001        -        -         -
#
# CPU time: 0.89u 0.09s 00:00:00.98 Elapsed: 00:00:01.02
