# cmalign :: align sequences to a CM
# INFERNAL 1.1.5 (Sep 2023)
# Copyright (C) 2023 Howard Hughes Medical Institute.
# Freely distributed under the BSD open source license.
# - - - - - - - - - - - - - - - - - - - - - - - - - - - - - - - - - - - -
# CM file:                                     -
# sequence file:                               va-zikv-s-genotype/va-zikv-s-genotype.25/va-zikv-s-genotype.25.vadr.KU509998.a.subseq.fa
# CM name:                                     KU509998
# saving alignment to file:                    va-zikv-s-genotype/va-zikv-s-genotype.25/va-zikv-s-genotype.25.vadr.KU509998.align.r1.s0.stk
# model configuration:                         global
# truncated sequence alignment mode:           off
# alternative truncated seq alignment mode:    on
# maximum total DP matrix size set to:         4000.00 Mb
# tail loss probability for HMM bands set to:  0.001
# tighten HMM bands when necessary:            no
# saving insert information to file:           va-zikv-s-genotype/va-zikv-s-genotype.25/va-zikv-s-genotype.25.vadr.KU509998.align.r1.s0.ifile
# output alignment alphabet:                   DNA
# number of worker threads:                    1 [--cpu]
# - - - - - - - - - - - - - - - - - - - - - - - - - - - - - - - - - - - -
#                                                                                                         running time (s)                                                      
#                                                                                                  -------------------------------                                               
# idx  seq name                                 length  cm from    cm to  trunc    bit sc  avg pp  band calc  alignment      total  mem (Mb)      tau  thresh1  thresh2  failover
# ---  ---------------------------------------  ------  -------  -------  -----  --------  ------  ---------  ---------  ---------  --------  -------  -------  -------  --------
    1  gi|1148885063|gb|KY559026.1|/9911-10011     101    10291    10391  5'&3'    117.74   1.000       0.00       0.00       0.05     35.31    0.001        -        -         -
    2  gi|1188238188|gb|KY989971.1|/1-178          178        1      177     3'    187.86   0.986       0.00       0.00       0.08     61.96    0.001        -        -         -
    3  gi|1013071256|gb|KU997667.1|/1-105          105       73      177  5'&3'    122.06   1.000       0.00       0.00       0.04     61.95    0.001        -        -         -
    4  gi|1015467697|gb|KX013000.1|/1-165          165       14      177  5'&3'    184.39   0.986       0.00       0.00       0.07     61.96    0.001        -        -         -
    5  gi|1152727244|gb|KY631493.1|/1-161          161       18      177  5'&3'    184.24   0.985       0.00       0.00       0.07     61.96    0.001        -        -         -
#
# CPU time: 0.38u 0.05s 00:00:00.43 Elapsed: 00:00:00.46
