# cmalign :: align sequences to a CM
# INFERNAL 1.1.5 (Sep 2023)
# Copyright (C) 2023 Howard Hughes Medical Institute.
# Freely distributed under the BSD open source license.
# - - - - - - - - - - - - - - - - - - - - - - - - - - - - - - - - - - - -
# CM file:                                     -
# sequence file:                               va-zikv-s-genotype/va-zikv-s-genotype.5/va-zikv-s-genotype.5.vadr.MG807646.a.subseq.fa
# CM name:                                     MG807646
# saving alignment to file:                    va-zikv-s-genotype/va-zikv-s-genotype.5/va-zikv-s-genotype.5.vadr.MG807646.align.r1.s0.stk
# model configuration:                         global
# truncated sequence alignment mode:           off
# alternative truncated seq alignment mode:    on
# maximum total DP matrix size set to:         4000.00 Mb
# tail loss probability for HMM bands set to:  0.001
# tighten HMM bands when necessary:            no
# saving insert information to file:           va-zikv-s-genotype/va-zikv-s-genotype.5/va-zikv-s-genotype.5.vadr.MG807646.align.r1.s0.ifile
# output alignment alphabet:                   DNA
# number of worker threads:                    1 [--cpu]
# - - - - - - - - - - - - - - - - - - - - - - - - - - - - - - - - - - - -
#                                                                                                          running time (s)                                                      
#                                                                                                   -------------------------------                                               
# idx  seq name                                  length  cm from    cm to  trunc    bit sc  avg pp  band calc  alignment      total  mem (Mb)      tau  thresh1  thresh2  failover
# ---  ----------------------------------------  ------  -------  -------  -----  --------  ------  ---------  ---------  ---------  --------  -------  -------  -------  --------
    1  gi|2099615427|gb|OK054351.1|/1-1519         1519       14     1545  5'&3'   1619.16   0.998       0.10       0.00       0.66    600.16    0.001        -        -         -
    2  gi|1847502721|gb|MT377494.1|/10631-10736     106    10644    10748  5'&3'    114.84   0.987       0.00       0.00       0.04    525.85    0.001        -        -         -
#
# CPU time: 0.72u 0.09s 00:00:00.81 Elapsed: 00:00:00.87
