# cmalign :: align sequences to a CM
# INFERNAL 1.1.5 (Sep 2023)
# Copyright (C) 2023 Howard Hughes Medical Institute.
# Freely distributed under the BSD open source license.
# - - - - - - - - - - - - - - - - - - - - - - - - - - - - - - - - - - - -
# CM file:                                     -
# sequence file:                               va-zikv-s-genotype/va-zikv-s-genotype.5/va-zikv-s-genotype.5.vadr.KU509998.a.subseq.fa
# CM name:                                     KU509998
# saving alignment to file:                    va-zikv-s-genotype/va-zikv-s-genotype.5/va-zikv-s-genotype.5.vadr.KU509998.align.r1.s0.stk
# model configuration:                         global
# truncated sequence alignment mode:           off
# alternative truncated seq alignment mode:    on
# maximum total DP matrix size set to:         4000.00 Mb
# tail loss probability for HMM bands set to:  0.001
# tighten HMM bands when necessary:            no
# saving insert information to file:           va-zikv-s-genotype/va-zikv-s-genotype.5/va-zikv-s-genotype.5.vadr.KU509998.align.r1.s0.ifile
# output alignment alphabet:                   DNA
# number of worker threads:                    1 [--cpu]
# - - - - - - - - - - - - - - - - - - - - - - - - - - - - - - - - - - - -
#                                                                                                          running time (s)                                                      
#                                                                                                   -------------------------------                                               
# idx  seq name                                  length  cm from    cm to  trunc    bit sc  avg pp  band calc  alignment      total  mem (Mb)      tau  thresh1  thresh2  failover
# ---  ----------------------------------------  ------  -------  -------  -----  --------  ------  ---------  ---------  ---------  --------  -------  -------  -------  --------
    1  gi|2104438258|gb|OK054476.1|/1-165           165       14      177  5'&3'    184.39   0.986       0.00       0.00       0.08     57.46    0.001        -        -         -
    2  gi|2104438260|gb|OK054477.1|/1-165           165       14      177  5'&3'    184.39   0.986       0.00       0.00       0.07     57.46    0.001        -        -         -
    3  gi|2104438262|gb|OK054478.1|/1-165           165       14      177  5'&3'    184.39   0.986       0.00       0.00       0.06     57.46    0.001        -        -         -
    4  gi|2104438264|gb|OK054479.1|/1-165           165       14      177  5'&3'    184.39   0.986       0.00       0.00       0.06     57.46    0.001        -        -         -
    5  gi|2104438268|gb|OK054481.1|/1-165           165       14      177  5'&3'    184.39   0.986       0.00       0.00       0.06     57.46    0.001        -        -         -
    6  gi|2104438270|gb|OK054482.1|/1-165           165       14      177  5'&3'    184.39   0.986       0.00       0.00       0.06     57.46    0.001        -        -         -
    7  gi|2104438272|gb|OK054483.1|/1-165           165       14      177  5'&3'    184.39   0.986       0.00       0.00       0.06     57.46    0.001        -        -         -
    8  gi|2104438274|gb|OK054484.1|/1-165           165       14      177  5'&3'    184.39   0.986       0.00       0.00       0.07     57.46    0.001        -        -         -
    9  gi|2104438276|gb|OK054485.1|/1-165           165       14      177  5'&3'    184.39   0.986       0.00       0.00       0.06     57.46    0.001        -        -         -
   10  gi|2104438278|gb|OK054486.1|/1-165           165       14      177  5'&3'    184.39   0.986       0.00       0.00       0.06     57.46    0.001        -        -         -
   11  gi|2104438278|gb|OK054486.1|/10659-10759     101    10671    10771  5'&3'    116.17   1.000       0.00       0.00       0.04     57.45    0.001        -        -         -
   12  gi|2713917342|gb|MT377493.2|/1-178           178        1      177     3'    190.24   0.987       0.00       0.00       0.08     61.96    0.001        -        -         -
   13  gi|1847502729|gb|MT377498.1|/1-105           105       73      177  5'&3'    122.06   1.000       0.00       0.00       0.04     61.95    0.001        -        -         -
   14  gi|1847502741|gb|MT377504.1|/1-102           102       76      177  5'&3'    116.16   1.000       0.00       0.00       0.04     61.94    0.001        -        -         -
   15  gi|2030207736|gb|MW915411.1|/1-178           178        1      177     3'    189.49   0.987       0.00       0.00       0.07     61.96    0.001        -        -         -
#
# CPU time: 1.00u 0.04s 00:00:01.04 Elapsed: 00:00:01.08
