# cmalign :: align sequences to a CM
# INFERNAL 1.1.5 (Sep 2023)
# Copyright (C) 2023 Howard Hughes Medical Institute.
# Freely distributed under the BSD open source license.
# - - - - - - - - - - - - - - - - - - - - - - - - - - - - - - - - - - - -
# CM file:                                     -
# sequence file:                               va-zikv-s-genotype/va-zikv-s-genotype.1/va-zikv-s-genotype.1.vadr.KU509998.a.subseq.fa
# CM name:                                     KU509998
# saving alignment to file:                    va-zikv-s-genotype/va-zikv-s-genotype.1/va-zikv-s-genotype.1.vadr.KU509998.align.r1.s0.stk
# model configuration:                         global
# truncated sequence alignment mode:           off
# alternative truncated seq alignment mode:    on
# maximum total DP matrix size set to:         4000.00 Mb
# tail loss probability for HMM bands set to:  0.001
# tighten HMM bands when necessary:            no
# saving insert information to file:           va-zikv-s-genotype/va-zikv-s-genotype.1/va-zikv-s-genotype.1.vadr.KU509998.align.r1.s0.ifile
# output alignment alphabet:                   DNA
# number of worker threads:                    1 [--cpu]
# - - - - - - - - - - - - - - - - - - - - - - - - - - - - - - - - - - - -
#                                                                                                          running time (s)                                                      
#                                                                                                   -------------------------------                                               
# idx  seq name                                  length  cm from    cm to  trunc    bit sc  avg pp  band calc  alignment      total  mem (Mb)      tau  thresh1  thresh2  failover
# ---  ----------------------------------------  ------  -------  -------  -----  --------  ------  ---------  ---------  ---------  --------  -------  -------  -------  --------
    1  gi|2128382615|gb|OK571913.1|/1-178           178        1      177     3'    187.86   0.986       0.00       0.00       0.08     61.96    0.001        -        -         -
    2  gi|1932127310|gb|MW123921.1|/1-147           147       32      177  5'&3'    167.16   0.984       0.00       0.00       0.06     61.96    0.001        -        -         -
    3  gi|1932127312|gb|MW123922.1|/10537-10639     103    10568    10670  5'&3'    117.54   1.000       0.00       0.00       0.04     61.94    0.001        -        -         -
    4  gi|1932127314|gb|MW123923.1|/10539-10651     113    10570    10682  5'&3'    119.64   1.000       0.00       0.00       0.05     61.95    0.001        -        -         -
    5  gi|1932127316|gb|MW123924.1|/10539-10648     110    10570    10679  5'&3'    117.87   1.000       0.00       0.00       0.04     61.95    0.001        -        -         -
    6  gi|1932127318|gb|MW123925.1|/1-173           173        5      177  5'&3'    169.27   0.972       0.00       0.00       0.07     61.97    0.001        -        -         -
    7  gi|1932127320|gb|MW123926.1|/1-169           169       10      177  5'&3'    172.99   0.986       0.00       0.00       0.07     61.96    0.001        -        -         -
    8  gi|1932127320|gb|MW123926.1|/10596-10711     116    10604    10719  5'&3'    112.01   1.000       0.00       0.00       0.05     61.95    0.001        -        -         -
    9  gi|2104438044|gb|OK054369.1|/1-107           107       71      177  5'&3'    122.40   1.000       0.00       0.00       0.04     61.95    0.001        -        -         -
   10  gi|2104438048|gb|OK054371.1|/1-165           165       14      177  5'&3'    184.39   0.986       0.00       0.00       0.06     61.96    0.001        -        -         -
   11  gi|2104438074|gb|OK054384.1|/1-161           161       18      177  5'&3'    184.24   0.985       0.00       0.00       0.06     61.96    0.001        -        -         -
   12  gi|2104438078|gb|OK054386.1|/1-161           161       18      177  5'&3'    184.24   0.985       0.00       0.00       0.06     61.96    0.001        -        -         -
   13  gi|2104438080|gb|OK054387.1|/1-161           161       18      177  5'&3'    184.24   0.985       0.00       0.00       0.07     61.96    0.001        -        -         -
   14  gi|2104438082|gb|OK054388.1|/1-164           164       15      177  5'&3'    182.88   0.986       0.00       0.00       0.07     61.96    0.001        -        -         -
   15  gi|2104438084|gb|OK054389.1|/1-162           162       17      177  5'&3'    185.45   0.985       0.00       0.00       0.07     61.96    0.001        -        -         -
   16  gi|2104438088|gb|OK054391.1|/1-161           161       18      177  5'&3'    184.24   0.985       0.00       0.00       0.06     61.96    0.001        -        -         -
#
# CPU time: 1.04u 0.05s 00:00:01.09 Elapsed: 00:00:01.14
