# cmalign :: align sequences to a CM
# INFERNAL 1.1.5 (Sep 2023)
# Copyright (C) 2023 Howard Hughes Medical Institute.
# Freely distributed under the BSD open source license.
# - - - - - - - - - - - - - - - - - - - - - - - - - - - - - - - - - - - -
# CM file:                                     -
# sequence file:                               va-zikv-s-genotype/va-zikv-s-genotype.21/va-zikv-s-genotype.21.vadr.KU509998.a.subseq.fa
# CM name:                                     KU509998
# saving alignment to file:                    va-zikv-s-genotype/va-zikv-s-genotype.21/va-zikv-s-genotype.21.vadr.KU509998.align.r1.s0.stk
# model configuration:                         global
# truncated sequence alignment mode:           off
# alternative truncated seq alignment mode:    on
# maximum total DP matrix size set to:         4000.00 Mb
# tail loss probability for HMM bands set to:  0.001
# tighten HMM bands when necessary:            no
# saving insert information to file:           va-zikv-s-genotype/va-zikv-s-genotype.21/va-zikv-s-genotype.21.vadr.KU509998.align.r1.s0.ifile
# output alignment alphabet:                   DNA
# number of worker threads:                    1 [--cpu]
# - - - - - - - - - - - - - - - - - - - - - - - - - - - - - - - - - - - -
#                                                                                                    running time (s)                                                      
#                                                                                             -------------------------------                                               
# idx  seq name                            length  cm from    cm to  trunc    bit sc  avg pp  band calc  alignment      total  mem (Mb)      tau  thresh1  thresh2  failover
# ---  ----------------------------------  ------  -------  -------  -----  --------  ------  ---------  ---------  ---------  --------  -------  -------  -------  --------
    1  gi|1142915131|gb|KY075939.2|/1-178     178        1      177     3'    190.24   0.987       0.00       0.00       0.08     61.96    0.001        -        -         -
    2  gi|1120603260|gb|KY325464.1|/1-168     168        9      177  5'&3'    183.17   0.980       0.00       0.00       0.07     61.96    0.001        -        -         -
    3  gi|1120603262|gb|KY325465.1|/1-169     169       10      177  5'&3'    183.99   0.986       0.00       0.00       0.06     61.96    0.001        -        -         -
    4  gi|1120603268|gb|KY325468.1|/1-164     164       15      177  5'&3'    185.28   0.986       0.00       0.00       0.06     61.96    0.001        -        -         -
    5  gi|1120603270|gb|KY325469.1|/1-169     169       10      177  5'&3'    183.99   0.986       0.00       0.00       0.07     61.96    0.001        -        -         -
    6  gi|1120603274|gb|KY325471.1|/1-160     160       19      177  5'&3'    175.46   0.985       0.00       0.00       0.06     61.96    0.001        -        -         -
    7  gi|1120603278|gb|KY325473.1|/1-166     166       13      177  5'&3'    183.15   0.986       0.00       0.00       0.06     61.96    0.001        -        -         -
    8  gi|1120603284|gb|KY325476.1|/1-167     167       12      177  5'&3'    184.32   0.986       0.00       0.00       0.06     61.96    0.001        -        -         -
    9  gi|1120603286|gb|KY325477.1|/1-164     164       15      177  5'&3'    181.86   0.986       0.00       0.00       0.06     61.96    0.001        -        -         -
   10  gi|1120603295|gb|KY325483.1|/1-165     165       14      177  5'&3'    184.39   0.986       0.00       0.00       0.06     61.96    0.001        -        -         -
   11  gi|1134427391|gb|KY415986.1|/1-178     178        1      177     3'    190.24   0.987       0.00       0.00       0.07     61.96    0.001        -        -         -
   12  gi|1134427395|gb|KY415988.1|/1-178     178        1      177     3'    190.24   0.987       0.00       0.00       0.07     61.96    0.001        -        -         -
   13  gi|1134427397|gb|KY415989.1|/1-178     178        1      177     3'    190.24   0.987       0.00       0.00       0.07     61.96    0.001        -        -         -
#
# CPU time: 0.94u 0.04s 00:00:00.98 Elapsed: 00:00:01.02
