# cmalign :: align sequences to a CM
# INFERNAL 1.1.5 (Sep 2023)
# Copyright (C) 2023 Howard Hughes Medical Institute.
# Freely distributed under the BSD open source license.
# - - - - - - - - - - - - - - - - - - - - - - - - - - - - - - - - - - - -
# CM file:                                     -
# sequence file:                               va-zikv-s-genotype/va-zikv-s-genotype.26/va-zikv-s-genotype.26.vadr.KU509998.a.subseq.fa
# CM name:                                     KU509998
# saving alignment to file:                    va-zikv-s-genotype/va-zikv-s-genotype.26/va-zikv-s-genotype.26.vadr.KU509998.align.r1.s0.stk
# model configuration:                         global
# truncated sequence alignment mode:           off
# alternative truncated seq alignment mode:    on
# maximum total DP matrix size set to:         4000.00 Mb
# tail loss probability for HMM bands set to:  0.001
# tighten HMM bands when necessary:            no
# saving insert information to file:           va-zikv-s-genotype/va-zikv-s-genotype.26/va-zikv-s-genotype.26.vadr.KU509998.align.r1.s0.ifile
# output alignment alphabet:                   DNA
# number of worker threads:                    1 [--cpu]
# - - - - - - - - - - - - - - - - - - - - - - - - - - - - - - - - - - - -
#                                                                                                         running time (s)                                                      
#                                                                                                  -------------------------------                                               
# idx  seq name                                 length  cm from    cm to  trunc    bit sc  avg pp  band calc  alignment      total  mem (Mb)      tau  thresh1  thresh2  failover
# ---  ---------------------------------------  ------  -------  -------  -----  --------  ------  ---------  ---------  ---------  --------  -------  -------  -------  --------
    1  gi|1063797600|gb|KX830930.1|/1-176          176        3      177  5'&3'    179.31   0.985       0.00       0.00       0.08     61.27    0.001        -        -         -
    2  gi|1150481738|gb|KY631492.1|/1-161          161       17      177  5'&3'    169.55   0.977       0.00       0.00       0.06     61.27    0.001        -        -         -
    3  gi|1063302139|gb|KX827268.1|/1-167          167       12      177  5'&3'    184.32   0.986       0.00       0.00       0.06     61.27    0.001        -        -         -
    4  gi|1145144301|gb|KY606272.1|/1-178          178        1      177     3'    190.24   0.987       0.00       0.00       0.07     61.96    0.001        -        -         -
    5  gi|1145144303|gb|KY606273.1|/1-178          178        1      177     3'    190.24   0.987       0.00       0.00       0.07     61.96    0.001        -        -         -
    6  gi|1145144305|gb|KY606274.1|/1-178          178        1      177     3'    185.90   0.985       0.00       0.00       0.07     61.96    0.001        -        -         -
    7  gi|1145144305|gb|KY606274.1|/5530-10558    5029     5529    10557  5'&3'   5866.43   1.000       1.21       0.00       3.26   2549.14    0.001        -        -         -
    8  gi|1120603294|gb|KY325482.1|/1-164          164       15      177  5'&3'    185.28   0.986       0.00       0.00       0.07   1740.06    0.001        -        -         -
    9  gi|1001910894|gb|KU761560.1|/1-165          165       14      177  5'&3'    184.39   0.986       0.00       0.00       0.06   1740.06    0.001        -        -         -
   10  gi|1001910896|gb|KU761561.1|/1-165          165       14      177  5'&3'    184.39   0.986       0.00       0.00       0.06   1740.06    0.001        -        -         -
   11  gi|1111251139|gb|KY272991.1|/1-178          178        1      177     3'    190.24   0.987       0.00       0.00       0.07   1740.06    0.001        -        -         -
   12  gi|1111251377|gb|KY272987.1|/1-178          178        1      177     3'    190.24   0.987       0.00       0.00       0.07   1740.06    0.001        -        -         -
   13  gi|1032810831|gb|KX269878.1|/1-178          178        1      177     3'    190.24   0.987       0.00       0.00       0.07   1740.06    0.001        -        -         -
   14  gi|942523345|gb|KR872956.1|/1-166           166       13      177  5'&3'    183.15   0.986       0.00       0.00       0.06   1740.06    0.001        -        -         -
   15  gi|1083262084|dbj|LC190723.1|/1-160         160       19      177  5'&3'    182.93   0.985       0.00       0.00       0.06   1740.06    0.001        -        -         -
   16  gi|982894594|gb|KU527068.1|/1-178           178        1      177     3'    190.24   0.987       0.00       0.00       0.07   1740.06    0.001        -        -         -
   17  gi|1007624023|gb|KU940228.1|/1-114          114        2      115  5'&3'    120.90   1.000       0.00       0.00       0.05   1740.05    0.001        -        -         -
#
# CPU time: 3.73u 0.73s 00:00:04.46 Elapsed: 00:00:04.52
