# build-add-to-blast-db.pl :: add a single protein to a VADR blastx protein database
# VADR 1.6.4 (Jun 2024)
# - - - - - - - - - - - - - - - - - - - - - - - - - - - - - - - - - - - -
# date:             Fri Jul 18 10:12:57 2025
# $VADRBLASTDIR:    /net/intdev/oblast01/infernal/notebook/24_0626_vadr_1p6p4_bugfix_release/test-install2/ncbi-blast/bin
# $VADREASELDIR:    /net/intdev/oblast01/infernal/notebook/24_0626_vadr_1p6p4_bugfix_release/test-install2/infernal/binaries
# $VADRSCRIPTSDIR:  /net/intdev/oblast01/infernal/notebook/24_0626_vadr_1p6p4_bugfix_release/test-install2/vadr
#
# input model info file:                      zikv.minfo
# input blast db path:                        .
# input model name:                           MG807646
# nucleotide accession to add:                MN611472
# nt coords of CDS to add:                    108..10379:+
# CDS feature coords this CDS should map to:  108..10379:+
# output directory:                           add-MN611472
# forcing directory overwrite:                yes [-f]
# - - - - - - - - - - - - - - - - - - - - - - - - - - - - - - - - - - - -
#
# Output printed to screen saved in:                           add-MN611472.vadr.log
# List of executed commands saved in:                          add-MN611472.vadr.cmd
# List and description of all output files saved in:           add-MN611472.vadr.filelist
# fasta file with source sequence (MN611472) saved in:         add-MN611472.vadr.source.fa
# fasta file with CDS from MN611472 saved in:                  add-MN611472.vadr.cds.fa
# fasta file with translated protein from MN611472 saved in:   add-MN611472.vadr.prot.fa
#
# All output files created in directory ./add-MN611472/
#
# Elapsed time:  00:00:04.05
#                hh:mm:ss
# 
[ok]
