# cmalign :: align sequences to a CM
# INFERNAL 1.1.5 (Sep 2023)
# Copyright (C) 2023 Howard Hughes Medical Institute.
# Freely distributed under the BSD open source license.
# - - - - - - - - - - - - - - - - - - - - - - - - - - - - - - - - - - - -
# CM file:                                     -
# sequence file:                               va-zikv-s-genotype/va-zikv-s-genotype.12/va-zikv-s-genotype.12.vadr.KU509998.a.subseq.fa
# CM name:                                     KU509998
# saving alignment to file:                    va-zikv-s-genotype/va-zikv-s-genotype.12/va-zikv-s-genotype.12.vadr.KU509998.align.r1.s0.stk
# model configuration:                         global
# truncated sequence alignment mode:           off
# alternative truncated seq alignment mode:    on
# maximum total DP matrix size set to:         4000.00 Mb
# tail loss probability for HMM bands set to:  0.001
# tighten HMM bands when necessary:            no
# saving insert information to file:           va-zikv-s-genotype/va-zikv-s-genotype.12/va-zikv-s-genotype.12.vadr.KU509998.align.r1.s0.ifile
# output alignment alphabet:                   DNA
# number of worker threads:                    1 [--cpu]
# - - - - - - - - - - - - - - - - - - - - - - - - - - - - - - - - - - - -
#                                                                                                         running time (s)                                                      
#                                                                                                  -------------------------------                                               
# idx  seq name                                 length  cm from    cm to  trunc    bit sc  avg pp  band calc  alignment      total  mem (Mb)      tau  thresh1  thresh2  failover
# ---  ---------------------------------------  ------  -------  -------  -----  --------  ------  ---------  ---------  ---------  --------  -------  -------  -------  --------
    1  gi|1720334759|gb|MN190155.1|/1-178          178        1      177     3'    190.24   0.987       0.00       0.00       0.09     61.96    0.001        -        -         -
    2  gi|1487704059|gb|MH900227.1|/1-170          170        9      177  5'&3'    183.40   0.986       0.00       0.00       0.07     61.96    0.001        -        -         -
    3  gi|1464440438|gb|MH675619.1|/1-178          178        1      177     3'    190.24   0.987       0.00       0.00       0.07     61.96    0.001        -        -         -
    4  gi|1464440440|gb|MH675620.1|/1-178          178        1      177     3'    190.24   0.987       0.00       0.00       0.07     61.96    0.001        -        -         -
    5  gi|1464440442|gb|MH675621.1|/1-178          178        1      177     3'    190.24   0.987       0.00       0.00       0.07     61.96    0.001        -        -         -
    6  gi|1464440444|gb|MH675622.1|/1-178          178        1      177     3'    190.24   0.987       0.00       0.00       0.08     61.96    0.001        -        -         -
    7  gi|1464440446|gb|MH675623.1|/1-178          178        1      177     3'    190.24   0.987       0.00       0.00       0.07     61.96    0.001        -        -         -
    8  gi|1464440448|gb|MH675624.1|/1-178          178        1      177     3'    190.24   0.987       0.00       0.00       0.07     61.96    0.001        -        -         -
    9  gi|1464440450|gb|MH675625.1|/1-178          178        1      177     3'    190.24   0.987       0.00       0.00       0.07     61.96    0.001        -        -         -
   10  gi|1464440452|gb|MH675626.1|/1-178          178        1      177     3'    190.24   0.987       0.00       0.00       0.07     61.96    0.001        -        -         -
   11  gi|1464440454|gb|MH675627.1|/1-178          178        1      177     3'    190.24   0.987       0.00       0.00       0.07     61.96    0.001        -        -         -
   12  gi|1464440456|gb|MH675628.1|/1-178          178        1      177     3'    190.24   0.987       0.00       0.00       0.07     61.96    0.001        -        -         -
   13  gi|1464440458|gb|MH675629.1|/1-178          178        1      177     3'    190.24   0.987       0.00       0.00       0.07     61.96    0.001        -        -         -
   14  gi|1464440460|gb|MH675630.1|/1-178          178        1      177     3'    190.24   0.987       0.00       0.00       0.07     61.96    0.001        -        -         -
   15  gi|1489376822|gb|MK028857.1|/1-143          143       36      177  5'&3'    163.43   0.984       0.00       0.00       0.07     61.96    0.001        -        -         -
   16  gi|1489376824|gb|MK028858.1|/1-163          163       16      177  5'&3'    183.45   0.986       0.00       0.00       0.06     61.96    0.001        -        -         -
   17  gi|1489376826|gb|MK028859.1|/1-162          162       16      177  5'&3'    178.36   0.980       0.00       0.00       0.06     61.96    0.001        -        -         -
   18  gi|1489376830|gb|MK028861.1|/8129-10423    2295     8143    10527  5'&3'   2532.97   0.982       0.24       0.00       1.08    968.85    0.001        -        -         -
   19  gi|1489376832|gb|MK028862.1|/1-163          163       16      177  5'&3'    183.42   0.986       0.00       0.00       0.06    794.29    0.001        -        -         -
   20  gi|1489376832|gb|MK028862.1|/7217-9901     2685     7498    10257  5'&3'   2937.12   0.986       0.31       0.00       1.22   1165.85    0.001        -        -         -
   21  gi|1625816820|gb|MK713748.1|/1-177          177        2      177  5'&3'    189.19   0.986       0.00       0.00       0.07    929.21    0.001        -        -         -
   22  gi|1547059535|gb|MK238035.1|/1-166          166       13      177  5'&3'    183.15   0.986       0.00       0.00       0.06    929.20    0.001        -        -         -
   23  gi|1512469785|gb|MH882527.1|/1-166          166       13      177  5'&3'    183.15   0.986       0.00       0.00       0.07    929.20    0.001        -        -         -
#
# CPU time: 3.67u 0.19s 00:00:03.86 Elapsed: 00:00:03.91
