# cmalign :: align sequences to a CM
# INFERNAL 1.1.5 (Sep 2023)
# Copyright (C) 2023 Howard Hughes Medical Institute.
# Freely distributed under the BSD open source license.
# - - - - - - - - - - - - - - - - - - - - - - - - - - - - - - - - - - - -
# CM file:                                     -
# sequence file:                               va-zikv-s-genotype/va-zikv-s-genotype.27/va-zikv-s-genotype.27.vadr.KU509998.a.subseq.fa
# CM name:                                     KU509998
# saving alignment to file:                    va-zikv-s-genotype/va-zikv-s-genotype.27/va-zikv-s-genotype.27.vadr.KU509998.align.r1.s0.stk
# model configuration:                         global
# truncated sequence alignment mode:           off
# alternative truncated seq alignment mode:    on
# maximum total DP matrix size set to:         4000.00 Mb
# tail loss probability for HMM bands set to:  0.001
# tighten HMM bands when necessary:            no
# saving insert information to file:           va-zikv-s-genotype/va-zikv-s-genotype.27/va-zikv-s-genotype.27.vadr.KU509998.align.r1.s0.ifile
# output alignment alphabet:                   DNA
# number of worker threads:                    1 [--cpu]
# - - - - - - - - - - - - - - - - - - - - - - - - - - - - - - - - - - - -
#                                                                                                          running time (s)                                                      
#                                                                                                   -------------------------------                                               
# idx  seq name                                  length  cm from    cm to  trunc    bit sc  avg pp  band calc  alignment      total  mem (Mb)      tau  thresh1  thresh2  failover
# ---  ----------------------------------------  ------  -------  -------  -----  --------  ------  ---------  ---------  ---------  --------  -------  -------  -------  --------
    1  gi|1061065316|gb|KJ776791.2|/1-178           178        1      177     3'    190.24   0.987       0.00       0.00       0.08     61.96    0.001        -        -         -
    2  gi|1059853342|gb|KX766028.1|/1-173           173        6      177  5'&3'    183.72   0.984       0.00       0.00       0.07     61.96    0.001        -        -         -
    3  gi|1043566592|gb|KX548902.1|/1-106           106       72      177  5'&3'    121.19   1.000       0.00       0.00       0.04     61.95    0.001        -        -         -
    4  gi|1043566592|gb|KX548902.1|/10513-10615     103    10584    10686  5'&3'    119.44   1.000       0.00       0.00       0.04     61.94    0.001        -        -         -
    5  gi|1040461413|gb|KX369547.1|/1-103           103       17      119  5'&3'    121.82   1.000       0.00       0.00       0.04     61.94    0.001        -        -         -
    6  gi|1031621529|gb|KX262887.1|/1-177           177        2      177  5'&3'    189.19   0.986       0.00       0.00       0.07     61.96    0.001        -        -         -
    7  gi|1021395933|gb|KX117076.1|/1-175           175        2      177  5'&3'    189.24   0.981       0.00       0.00       0.07     61.96    0.001        -        -         -
    8  gi|1002634689|gb|KU853012.1|/1-178           178        1      177     3'    190.24   0.987       0.00       0.00       0.07     61.96    0.001        -        -         -
    9  gi|1003109675|gb|KU820899.2|/1-175           175        2      177  5'&3'    189.24   0.981       0.00       0.00       0.07     61.96    0.001        -        -         -
   10  gi|985578255|gb|KU497555.1|/1-171            171        8      177  5'&3'    183.36   0.986       0.00       0.00       0.07     61.96    0.001        -        -         -
   11  gi|984874581|gb|KU501215.1|/1-177            177        2      177  5'&3'    189.19   0.986       0.00       0.00       0.07     61.96    0.001        -        -         -
#
# CPU time: 0.74u 0.04s 00:00:00.78 Elapsed: 00:00:00.82
