# cmalign :: align sequences to a CM
# INFERNAL 1.1.5 (Sep 2023)
# Copyright (C) 2023 Howard Hughes Medical Institute.
# Freely distributed under the BSD open source license.
# - - - - - - - - - - - - - - - - - - - - - - - - - - - - - - - - - - - -
# CM file:                                     -
# sequence file:                               va-zikv-s-genotype/va-zikv-s-genotype.4/va-zikv-s-genotype.4.vadr.KU509998.a.subseq.fa
# CM name:                                     KU509998
# saving alignment to file:                    va-zikv-s-genotype/va-zikv-s-genotype.4/va-zikv-s-genotype.4.vadr.KU509998.align.r1.s0.stk
# model configuration:                         global
# truncated sequence alignment mode:           off
# alternative truncated seq alignment mode:    on
# maximum total DP matrix size set to:         4000.00 Mb
# tail loss probability for HMM bands set to:  0.001
# tighten HMM bands when necessary:            no
# saving insert information to file:           va-zikv-s-genotype/va-zikv-s-genotype.4/va-zikv-s-genotype.4.vadr.KU509998.align.r1.s0.ifile
# output alignment alphabet:                   DNA
# number of worker threads:                    1 [--cpu]
# - - - - - - - - - - - - - - - - - - - - - - - - - - - - - - - - - - - -
#                                                                                                    running time (s)                                                      
#                                                                                             -------------------------------                                               
# idx  seq name                            length  cm from    cm to  trunc    bit sc  avg pp  band calc  alignment      total  mem (Mb)      tau  thresh1  thresh2  failover
# ---  ----------------------------------  ------  -------  -------  -----  --------  ------  ---------  ---------  ---------  --------  -------  -------  -------  --------
    1  gi|2104438200|gb|OK054447.1|/1-165     165       14      177  5'&3'    184.39   0.986       0.00       0.00       0.08     57.46    0.001        -        -         -
    2  gi|2104438202|gb|OK054448.1|/1-165     165       14      177  5'&3'    184.39   0.986       0.00       0.00       0.06     57.46    0.001        -        -         -
    3  gi|2104438204|gb|OK054449.1|/1-165     165       14      177  5'&3'    184.39   0.986       0.00       0.00       0.07     57.46    0.001        -        -         -
    4  gi|2104438206|gb|OK054450.1|/1-165     165       14      177  5'&3'    184.39   0.986       0.00       0.00       0.07     57.46    0.001        -        -         -
    5  gi|2104438208|gb|OK054451.1|/1-165     165       14      177  5'&3'    184.39   0.986       0.00       0.00       0.06     57.46    0.001        -        -         -
    6  gi|2104438212|gb|OK054453.1|/1-165     165       14      177  5'&3'    184.39   0.986       0.00       0.00       0.06     57.46    0.001        -        -         -
    7  gi|2104438214|gb|OK054454.1|/1-165     165       14      177  5'&3'    184.39   0.986       0.00       0.00       0.06     57.46    0.001        -        -         -
    8  gi|2104438216|gb|OK054455.1|/1-165     165       14      177  5'&3'    184.39   0.986       0.00       0.00       0.06     57.46    0.001        -        -         -
    9  gi|2104438218|gb|OK054456.1|/1-165     165       14      177  5'&3'    184.39   0.986       0.00       0.00       0.06     57.46    0.001        -        -         -
   10  gi|2104438220|gb|OK054457.1|/1-165     165       14      177  5'&3'    184.39   0.986       0.00       0.00       0.06     57.46    0.001        -        -         -
   11  gi|2104438222|gb|OK054458.1|/1-165     165       14      177  5'&3'    184.39   0.986       0.00       0.00       0.07     57.46    0.001        -        -         -
   12  gi|2104438224|gb|OK054459.1|/1-165     165       14      177  5'&3'    184.39   0.986       0.00       0.00       0.06     57.46    0.001        -        -         -
   13  gi|2104438226|gb|OK054460.1|/1-165     165       14      177  5'&3'    184.39   0.986       0.00       0.00       0.06     57.46    0.001        -        -         -
   14  gi|2104438228|gb|OK054461.1|/1-165     165       14      177  5'&3'    184.39   0.986       0.00       0.00       0.06     57.46    0.001        -        -         -
   15  gi|2104438230|gb|OK054462.1|/1-165     165       14      177  5'&3'    184.39   0.986       0.00       0.00       0.06     57.46    0.001        -        -         -
   16  gi|2104438232|gb|OK054463.1|/1-165     165       14      177  5'&3'    184.39   0.986       0.00       0.00       0.07     57.46    0.001        -        -         -
   17  gi|2104438234|gb|OK054464.1|/1-165     165       14      177  5'&3'    184.39   0.986       0.00       0.00       0.06     57.46    0.001        -        -         -
   18  gi|2104438236|gb|OK054465.1|/1-165     165       14      177  5'&3'    184.39   0.986       0.00       0.00       0.07     57.46    0.001        -        -         -
   19  gi|2104438238|gb|OK054466.1|/1-165     165       14      177  5'&3'    184.39   0.986       0.00       0.00       0.07     57.46    0.001        -        -         -
   20  gi|2104438240|gb|OK054467.1|/1-165     165       14      177  5'&3'    184.39   0.986       0.00       0.00       0.06     57.46    0.001        -        -         -
   21  gi|2104438242|gb|OK054468.1|/1-165     165       14      177  5'&3'    184.39   0.986       0.00       0.00       0.07     57.46    0.001        -        -         -
   22  gi|2104438244|gb|OK054469.1|/1-165     165       14      177  5'&3'    184.39   0.986       0.00       0.00       0.07     57.46    0.001        -        -         -
   23  gi|2104438246|gb|OK054470.1|/1-165     165       14      177  5'&3'    184.39   0.986       0.00       0.00       0.06     57.46    0.001        -        -         -
   24  gi|2104438248|gb|OK054471.1|/1-165     165       14      177  5'&3'    184.39   0.986       0.00       0.00       0.07     57.46    0.001        -        -         -
   25  gi|2104438250|gb|OK054472.1|/1-165     165       14      177  5'&3'    184.39   0.986       0.00       0.00       0.06     57.46    0.001        -        -         -
   26  gi|2104438254|gb|OK054474.1|/1-165     165       14      177  5'&3'    184.39   0.986       0.00       0.00       0.06     57.46    0.001        -        -         -
   27  gi|2104438256|gb|OK054475.1|/1-165     165       14      177  5'&3'    184.39   0.986       0.00       0.00       0.06     57.46    0.001        -        -         -
#
# CPU time: 1.86u 0.08s 00:00:01.94 Elapsed: 00:00:02.01
