# cmalign :: align sequences to a CM
# INFERNAL 1.1.5 (Sep 2023)
# Copyright (C) 2023 Howard Hughes Medical Institute.
# Freely distributed under the BSD open source license.
# - - - - - - - - - - - - - - - - - - - - - - - - - - - - - - - - - - - -
# CM file:                                     -
# sequence file:                               va-zikv-s-genotype/va-zikv-s-genotype.18/va-zikv-s-genotype.18.vadr.KU509998.a.subseq.fa
# CM name:                                     KU509998
# saving alignment to file:                    va-zikv-s-genotype/va-zikv-s-genotype.18/va-zikv-s-genotype.18.vadr.KU509998.align.r1.s0.stk
# model configuration:                         global
# truncated sequence alignment mode:           off
# alternative truncated seq alignment mode:    on
# maximum total DP matrix size set to:         4000.00 Mb
# tail loss probability for HMM bands set to:  0.001
# tighten HMM bands when necessary:            no
# saving insert information to file:           va-zikv-s-genotype/va-zikv-s-genotype.18/va-zikv-s-genotype.18.vadr.KU509998.align.r1.s0.ifile
# output alignment alphabet:                   DNA
# number of worker threads:                    1 [--cpu]
# - - - - - - - - - - - - - - - - - - - - - - - - - - - - - - - - - - - -
#                                                                                                    running time (s)                                                      
#                                                                                             -------------------------------                                               
# idx  seq name                            length  cm from    cm to  trunc    bit sc  avg pp  band calc  alignment      total  mem (Mb)      tau  thresh1  thresh2  failover
# ---  ----------------------------------  ------  -------  -------  -----  --------  ------  ---------  ---------  ---------  --------  -------  -------  -------  --------
    1  gi|1150463046|gb|KY014312.2|/1-162     162       17      177  5'&3'    185.45   0.985       0.00       0.00       0.08     56.42    0.001        -        -         -
    2  gi|1150463054|gb|KY014317.2|/1-161     161       18      177  5'&3'    184.24   0.985       0.00       0.00       0.06     56.42    0.001        -        -         -
    3  gi|1150463062|gb|KY014321.2|/1-164     164       15      177  5'&3'    185.28   0.986       0.00       0.00       0.07     57.12    0.001        -        -         -
    4  gi|1150463063|gb|KY014322.2|/1-165     165       14      177  5'&3'    184.39   0.986       0.00       0.00       0.06     57.46    0.001        -        -         -
    5  gi|1150463064|gb|KY014323.2|/1-165     165       14      177  5'&3'    184.39   0.986       0.00       0.00       0.06     57.46    0.001        -        -         -
    6  gi|1150463065|gb|KY014324.2|/1-165     165       14      177  5'&3'    184.39   0.986       0.00       0.00       0.06     57.46    0.001        -        -         -
#
# CPU time: 0.48u 0.03s 00:00:00.51 Elapsed: 00:00:00.56
