# cmalign :: align sequences to a CM
# INFERNAL 1.1.5 (Sep 2023)
# Copyright (C) 2023 Howard Hughes Medical Institute.
# Freely distributed under the BSD open source license.
# - - - - - - - - - - - - - - - - - - - - - - - - - - - - - - - - - - - -
# CM file:                                     -
# sequence file:                               va-zikv-s-genotype/va-zikv-s-genotype.9/va-zikv-s-genotype.9.vadr.KU509998.a.subseq.fa
# CM name:                                     KU509998
# saving alignment to file:                    va-zikv-s-genotype/va-zikv-s-genotype.9/va-zikv-s-genotype.9.vadr.KU509998.align.r1.s0.stk
# model configuration:                         global
# truncated sequence alignment mode:           off
# alternative truncated seq alignment mode:    on
# maximum total DP matrix size set to:         4000.00 Mb
# tail loss probability for HMM bands set to:  0.001
# tighten HMM bands when necessary:            no
# saving insert information to file:           va-zikv-s-genotype/va-zikv-s-genotype.9/va-zikv-s-genotype.9.vadr.KU509998.align.r1.s0.ifile
# output alignment alphabet:                   DNA
# number of worker threads:                    1 [--cpu]
# - - - - - - - - - - - - - - - - - - - - - - - - - - - - - - - - - - - -
#                                                                                                          running time (s)                                                      
#                                                                                                   -------------------------------                                               
# idx  seq name                                  length  cm from    cm to  trunc    bit sc  avg pp  band calc  alignment      total  mem (Mb)      tau  thresh1  thresh2  failover
# ---  ----------------------------------------  ------  -------  -------  -----  --------  ------  ---------  ---------  ---------  --------  -------  -------  -------  --------
    1  gi|1913349842|gb|MW008559.1|/1-162           162       17      177  5'&3'    184.70   0.985       0.00       0.00       0.08     56.42    0.001        -        -         -
    2  gi|1913350401|gb|MW012428.1|/1-162           162       17      177  5'&3'    184.70   0.985       0.00       0.00       0.06     56.42    0.001        -        -         -
    3  gi|1894866072|gb|MH544701.2|/1-178           178        1      177     3'    190.24   0.987       0.00       0.00       0.07     61.96    0.001        -        -         -
    4  gi|1870191318|gb|MN101548.1|/1-168           168       11      177  5'&3'    186.18   0.986       0.00       0.00       0.07     61.96    0.001        -        -         -
    5  gi|1870191318|gb|MN101548.1|/10633-10738     106    10642    10747  5'&3'    111.71   1.000       0.00       0.00       0.04     61.95    0.001        -        -         -
    6  gi|1548994188|gb|MK269359.1|/1-168           168        9      177  5'&3'    183.17   0.980       0.00       0.00       0.07     61.96    0.001        -        -         -
#
# CPU time: 0.46u 0.04s 00:00:00.50 Elapsed: 00:00:00.54
