# cmalign :: align sequences to a CM
# INFERNAL 1.1.5 (Sep 2023)
# Copyright (C) 2023 Howard Hughes Medical Institute.
# Freely distributed under the BSD open source license.
# - - - - - - - - - - - - - - - - - - - - - - - - - - - - - - - - - - - -
# CM file:                                     -
# sequence file:                               va-zikv-s-genotype/va-zikv-s-genotype.28/va-zikv-s-genotype.28.vadr.KU509998.a.subseq.fa
# CM name:                                     KU509998
# saving alignment to file:                    va-zikv-s-genotype/va-zikv-s-genotype.28/va-zikv-s-genotype.28.vadr.KU509998.align.r1.s0.stk
# model configuration:                         global
# truncated sequence alignment mode:           off
# alternative truncated seq alignment mode:    on
# maximum total DP matrix size set to:         4000.00 Mb
# tail loss probability for HMM bands set to:  0.001
# tighten HMM bands when necessary:            no
# saving insert information to file:           va-zikv-s-genotype/va-zikv-s-genotype.28/va-zikv-s-genotype.28.vadr.KU509998.align.r1.s0.ifile
# output alignment alphabet:                   DNA
# number of worker threads:                    1 [--cpu]
# - - - - - - - - - - - - - - - - - - - - - - - - - - - - - - - - - - - -
#                                                                                                      running time (s)                                                      
#                                                                                               -------------------------------                                               
# idx  seq name                              length  cm from    cm to  trunc    bit sc  avg pp  band calc  alignment      total  mem (Mb)      tau  thresh1  thresh2  failover
# ---  ------------------------------------  ------  -------  -------  -----  --------  ------  ---------  ---------  ---------  --------  -------  -------  -------  --------
    1  gi|975885964|gb|KU365777.1|/1-164        164       15      177  5'&3'    185.28   0.986       0.00       0.00       0.08     57.12    0.001        -        -         -
    2  gi|975885966|gb|KU365778.1|/1-165        165       14      177  5'&3'    184.39   0.986       0.00       0.00       0.07     57.46    0.001        -        -         -
    3  gi|975885971|gb|KU365780.1|/1-164        164       15      177  5'&3'    185.28   0.986       0.00       0.00       0.06     57.46    0.001        -        -         -
    4  gi|1245709111|ref|NC_035889.1|/1-178     178        1      177     3'    190.24   0.987       0.00       0.00       0.07     61.96    0.001        -        -         -
#
# CPU time: 0.35u 0.04s 00:00:00.38 Elapsed: 00:00:00.43
