# cmalign :: align sequences to a CM
# INFERNAL 1.1.5 (Sep 2023)
# Copyright (C) 2023 Howard Hughes Medical Institute.
# Freely distributed under the BSD open source license.
# - - - - - - - - - - - - - - - - - - - - - - - - - - - - - - - - - - - -
# CM file:                                     -
# sequence file:                               va-zikv-s-genotype/va-zikv-s-genotype.13/va-zikv-s-genotype.13.vadr.KU509998.a.subseq.fa
# CM name:                                     KU509998
# saving alignment to file:                    va-zikv-s-genotype/va-zikv-s-genotype.13/va-zikv-s-genotype.13.vadr.KU509998.align.r1.s0.stk
# model configuration:                         global
# truncated sequence alignment mode:           off
# alternative truncated seq alignment mode:    on
# maximum total DP matrix size set to:         4000.00 Mb
# tail loss probability for HMM bands set to:  0.001
# tighten HMM bands when necessary:            no
# saving insert information to file:           va-zikv-s-genotype/va-zikv-s-genotype.13/va-zikv-s-genotype.13.vadr.KU509998.align.r1.s0.ifile
# output alignment alphabet:                   DNA
# number of worker threads:                    1 [--cpu]
# - - - - - - - - - - - - - - - - - - - - - - - - - - - - - - - - - - - -
#                                                                                                    running time (s)                                                      
#                                                                                             -------------------------------                                               
# idx  seq name                            length  cm from    cm to  trunc    bit sc  avg pp  band calc  alignment      total  mem (Mb)      tau  thresh1  thresh2  failover
# ---  ----------------------------------  ------  -------  -------  -----  --------  ------  ---------  ---------  ---------  --------  -------  -------  -------  --------
    1  gi|1512469791|gb|MH882530.1|/1-165     165       14      177  5'&3'    184.39   0.986       0.00       0.00       0.09     57.46    0.001        -        -         -
    2  gi|1512469793|gb|MH882531.1|/1-166     166       13      177  5'&3'    183.15   0.986       0.00       0.00       0.07     57.81    0.001        -        -         -
    3  gi|1512469799|gb|MH882534.1|/1-165     165       14      177  5'&3'    184.39   0.986       0.00       0.00       0.06     57.81    0.001        -        -         -
    4  gi|1512469801|gb|MH882535.1|/1-165     165       14      177  5'&3'    184.39   0.986       0.00       0.00       0.06     57.81    0.001        -        -         -
    5  gi|1512469807|gb|MH882538.1|/1-166     166       13      177  5'&3'    183.15   0.986       0.00       0.00       0.06     57.81    0.001        -        -         -
    6  gi|1512469811|gb|MH882540.1|/1-165     165       14      177  5'&3'    184.39   0.986       0.00       0.00       0.06     57.81    0.001        -        -         -
    7  gi|1512469815|gb|MH882542.1|/1-165     165       14      177  5'&3'    184.39   0.986       0.00       0.00       0.07     57.81    0.001        -        -         -
    8  gi|1512469817|gb|MH882543.1|/1-174     174        5      177  5'&3'    185.81   0.986       0.00       0.00       0.07     60.58    0.001        -        -         -
    9  gi|1512469819|gb|MH882544.1|/1-168     168        9      177  5'&3'    183.17   0.980       0.00       0.00       0.07     60.58    0.001        -        -         -
   10  gi|1512469821|gb|MH882545.1|/1-173     173        6      177  5'&3'    184.63   0.986       0.00       0.00       0.07     60.58    0.001        -        -         -
   11  gi|1512469829|gb|MH882549.1|/1-166     166       13      177  5'&3'    183.15   0.986       0.00       0.00       0.06     60.58    0.001        -        -         -
#
# CPU time: 0.81u 0.05s 00:00:00.86 Elapsed: 00:00:00.89
